// Vitest Snapshot v1, https://vitest.dev/guide/snapshot.html

exports[`<Episode /> > render the component 1`] = `
<body>
  <div>
    <div
      class="px-4"
    >
      <div
        class="shadow-md p-3"
      >
        <div
          class="font-bold text-2xl mb-2"
          data-testid="episode-title"
        >
          Episode No. 1
        </div>
        <div
          class="mb-4"
          data-testid="episode-description"
        >
          Our first 
          <b>
            episode!
          </b>
        </div>
        <audio
          class="w-full"
          controls=""
          src="https://podcastprovider.podcast/1/1.mp3"
        />
      </div>
    </div>
  </div>
</body>
`;
